// Jest Snapshot v1, https://goo.gl/fbAQLP

exports[`TagCloud should render not shuffled tags 1`] = `
<div>
  <div
    class="tag-cloud"
    containercomponent="div"
  >
    <span
      class="tag-cloud-tag"
      style="margin: 0px 3px; vertical-align: middle; display: inline-block; color: rgb(239, 110, 136); font-size: 30px;"
    >
      tag1
    </span>
    <span
      class="tag-cloud-tag"
      style="margin: 0px 3px; vertical-align: middle; display: inline-block; color: rgb(239, 110, 136); font-size: 22px;"
    >
      tag2
    </span>
    <span
      class="tag-cloud-tag"
      style="margin: 0px 3px; vertical-align: middle; display: inline-block; color: rgb(209, 14, 192); font-size: 26px;"
    >
      tag3
    </span>
    <span
      class="tag-cloud-tag"
      style="margin: 0px 3px; vertical-align: middle; display: inline-block; color: rgb(239, 114, 103); font-size: 12px;"
    >
      tag4
    </span>
  </div>
</div>
`;

exports[`TagCloud should render tags with default renderer 1`] = `
<div>
  <div
    class="tag-cloud"
    containercomponent="div"
  >
    <span
      class="tag-cloud-tag"
      style="margin: 0px 3px; vertical-align: middle; display: inline-block; color: rgb(239, 114, 103); font-size: 12px;"
    >
      tag4
    </span>
    <span
      class="tag-cloud-tag"
      style="margin: 0px 3px; vertical-align: middle; display: inline-block; color: rgb(239, 110, 136); font-size: 22px;"
    >
      tag2
    </span>
    <span
      class="tag-cloud-tag"
      style="margin: 0px 3px; vertical-align: middle; display: inline-block; color: rgb(209, 14, 192); font-size: 26px;"
    >
      tag3
    </span>
    <span
      class="tag-cloud-tag"
      style="margin: 0px 3px; vertical-align: middle; display: inline-block; color: rgb(239, 110, 136); font-size: 30px;"
    >
      tag1
    </span>
  </div>
</div>
`;

exports[`TagCloud should use custom renderer 1`] = `
<div>
  <div
    class="tag-cloud"
    containercomponent="div"
  >
    <a
      class="tag-30"
      href="#"
    >
      tag1-25
    </a>
    <a
      class="tag-22"
      href="#"
    >
      tag2-15
    </a>
    <a
      class="tag-26"
      href="#"
    >
      tag3-20
    </a>
    <a
      class="tag-12"
      href="#"
    >
      tag4-3
    </a>
  </div>
</div>
`;
